Archive member included to satisfy reference by file (symbol)

/home/bugi/Ac6/SystemWorkbench/plugins/fr.ac6.mcu.externaltools.arm-none.linux64_1.17.0.201812190825/tools/compiler/bin/../lib/gcc/arm-none-eabi/7.3.1/thumb/v6-m/libgcc.a(_udivsi3.o)
                              Drivers/STM32F0xx_HAL_Driver/Src/stm32f0xx_hal.o (__aeabi_uidiv)
/home/bugi/Ac6/SystemWorkbench/plugins/fr.ac6.mcu.externaltools.arm-none.linux64_1.17.0.201812190825/tools/compiler/bin/../lib/gcc/arm-none-eabi/7.3.1/thumb/v6-m/libgcc.a(_dvmd_tls.o)
                              /home/bugi/Ac6/SystemWorkbench/plugins/fr.ac6.mcu.externaltools.arm-none.linux64_1.17.0.201812190825/tools/compiler/bin/../lib/gcc/arm-none-eabi/7.3.1/thumb/v6-m/libgcc.a(_udivsi3.o) (__aeabi_idiv0)
/home/bugi/Ac6/SystemWorkbench/plugins/fr.ac6.mcu.externaltools.arm-none.linux64_1.17.0.201812190825/tools/compiler/bin/../lib/gcc/arm-none-eabi/7.3.1/../../../../arm-none-eabi/lib/thumb/v6-m/libc_nano.a(lib_a-errno.o)
                              Src/syscalls.o (__errno)
/home/bugi/Ac6/SystemWorkbench/plugins/fr.ac6.mcu.externaltools.arm-none.linux64_1.17.0.201812190825/tools/compiler/bin/../lib/gcc/arm-none-eabi/7.3.1/../../../../arm-none-eabi/lib/thumb/v6-m/libc_nano.a(lib_a-exit.o)
                              /home/bugi/Ac6/SystemWorkbench/plugins/fr.ac6.mcu.externaltools.arm-none.linux64_1.17.0.201812190825/tools/compiler/bin/../lib/gcc/arm-none-eabi/7.3.1/../../../../arm-none-eabi/lib/thumb/v6-m/crt0.o (exit)
/home/bugi/Ac6/SystemWorkbench/plugins/fr.ac6.mcu.externaltools.arm-none.linux64_1.17.0.201812190825/tools/compiler/bin/../lib/gcc/arm-none-eabi/7.3.1/../../../../arm-none-eabi/lib/thumb/v6-m/libc_nano.a(lib_a-impure.o)
                              /home/bugi/Ac6/SystemWorkbench/plugins/fr.ac6.mcu.externaltools.arm-none.linux64_1.17.0.201812190825/tools/compiler/bin/../lib/gcc/arm-none-eabi/7.3.1/../../../../arm-none-eabi/lib/thumb/v6-m/libc_nano.a(lib_a-exit.o) (_global_impure_ptr)
/home/bugi/Ac6/SystemWorkbench/plugins/fr.ac6.mcu.externaltools.arm-none.linux64_1.17.0.201812190825/tools/compiler/bin/../lib/gcc/arm-none-eabi/7.3.1/../../../../arm-none-eabi/lib/thumb/v6-m/libc_nano.a(lib_a-init.o)
                              /home/bugi/Ac6/SystemWorkbench/plugins/fr.ac6.mcu.externaltools.arm-none.linux64_1.17.0.201812190825/tools/compiler/bin/../lib/gcc/arm-none-eabi/7.3.1/../../../../arm-none-eabi/lib/thumb/v6-m/crt0.o (__libc_init_array)
/home/bugi/Ac6/SystemWorkbench/plugins/fr.ac6.mcu.externaltools.arm-none.linux64_1.17.0.201812190825/tools/compiler/bin/../lib/gcc/arm-none-eabi/7.3.1/../../../../arm-none-eabi/lib/thumb/v6-m/libc_nano.a(lib_a-memcpy-stub.o)
                              Drivers/nRF24/Src/MY_NRF24.o (memcpy)
/home/bugi/Ac6/SystemWorkbench/plugins/fr.ac6.mcu.externaltools.arm-none.linux64_1.17.0.201812190825/tools/compiler/bin/../lib/gcc/arm-none-eabi/7.3.1/../../../../arm-none-eabi/lib/thumb/v6-m/libc_nano.a(lib_a-memset.o)
                              /home/bugi/Ac6/SystemWorkbench/plugins/fr.ac6.mcu.externaltools.arm-none.linux64_1.17.0.201812190825/tools/compiler/bin/../lib/gcc/arm-none-eabi/7.3.1/../../../../arm-none-eabi/lib/thumb/v6-m/crt0.o (memset)
/home/bugi/Ac6/SystemWorkbench/plugins/fr.ac6.mcu.externaltools.arm-none.linux64_1.17.0.201812190825/tools/compiler/bin/../lib/gcc/arm-none-eabi/7.3.1/../../../../arm-none-eabi/lib/thumb/v6-m/libc_nano.a(lib_a-sprintf.o)
                              Drivers/nRF24/Src/MY_NRF24.o (sprintf)
/home/bugi/Ac6/SystemWorkbench/plugins/fr.ac6.mcu.externaltools.arm-none.linux64_1.17.0.201812190825/tools/compiler/bin/../lib/gcc/arm-none-eabi/7.3.1/../../../../arm-none-eabi/lib/thumb/v6-m/libc_nano.a(lib_a-strlen.o)
                              Drivers/nRF24/Src/MY_NRF24.o (strlen)
/home/bugi/Ac6/SystemWorkbench/plugins/fr.ac6.mcu.externaltools.arm-none.linux64_1.17.0.201812190825/tools/compiler/bin/../lib/gcc/arm-none-eabi/7.3.1/../../../../arm-none-eabi/lib/thumb/v6-m/libc_nano.a(lib_a-nano-svfprintf.o)
                              /home/bugi/Ac6/SystemWorkbench/plugins/fr.ac6.mcu.externaltools.arm-none.linux64_1.17.0.201812190825/tools/compiler/bin/../lib/gcc/arm-none-eabi/7.3.1/../../../../arm-none-eabi/lib/thumb/v6-m/libc_nano.a(lib_a-sprintf.o) (_svfprintf_r)
/home/bugi/Ac6/SystemWorkbench/plugins/fr.ac6.mcu.externaltools.arm-none.linux64_1.17.0.201812190825/tools/compiler/bin/../lib/gcc/arm-none-eabi/7.3.1/../../../../arm-none-eabi/lib/thumb/v6-m/libc_nano.a(lib_a-nano-vfprintf_i.o)
                              /home/bugi/Ac6/SystemWorkbench/plugins/fr.ac6.mcu.externaltools.arm-none.linux64_1.17.0.201812190825/tools/compiler/bin/../lib/gcc/arm-none-eabi/7.3.1/../../../../arm-none-eabi/lib/thumb/v6-m/libc_nano.a(lib_a-nano-svfprintf.o) (_printf_i)
/home/bugi/Ac6/SystemWorkbench/plugins/fr.ac6.mcu.externaltools.arm-none.linux64_1.17.0.201812190825/tools/compiler/bin/../lib/gcc/arm-none-eabi/7.3.1/../../../../arm-none-eabi/lib/thumb/v6-m/libc_nano.a(lib_a-memchr-stub.o)
[...]
Memory Configuration

Name             Origin             Length             Attributes
RAM              0x0000000020000000 0x0000000000001800 xrw
FLASH            0x0000000008000000 0x0000000000008000 xr
*default*        0x0000000000000000 0xffffffffffffffff

Linker script and memory map

LOAD /home/bugi/Ac6/SystemWorkbench/plugins/fr.ac6.mcu.externaltools.arm-none.linux64_1.17.0.201812190825/tools/compiler/bin/../lib/gcc/arm-none-eabi/7.3.1/thumb/v6-m/crti.o
LOAD /home/bugi/Ac6/SystemWorkbench/plugins/fr.ac6.mcu.externaltools.arm-none.linux64_1.17.0.201812190825/tools/compiler/bin/../lib/gcc/arm-none-eabi/7.3.1/thumb/v6-m/crtbegin.o
LOAD /home/bugi/Ac6/SystemWorkbench/plugins/fr.ac6.mcu.externaltools.arm-none.linux64_1.17.0.201812190825/tools/compiler/bin/../lib/gcc/arm-none-eabi/7.3.1/../../../../arm-none-eabi/lib/thumb/v6-m/crt0.o
LOAD Drivers/STM32F0xx_HAL_Driver/Src/stm32f0xx_hal.o
LOAD Drivers/STM32F0xx_HAL_Driver/Src/stm32f0xx_hal_cortex.o
LOAD Drivers/STM32F0xx_HAL_Driver/Src/stm32f0xx_hal_dma.o
LOAD Drivers/STM32F0xx_HAL_Driver/Src/stm32f0xx_hal_exti.o
LOAD Drivers/STM32F0xx_HAL_Driver/Src/stm32f0xx_hal_flash.o
LOAD Drivers/STM32F0xx_HAL_Driver/Src/stm32f0xx_hal_flash_ex.o
LOAD Drivers/STM32F0xx_HAL_Driver/Src/stm32f0xx_hal_gpio.o
LOAD Drivers/STM32F0xx_HAL_Driver/Src/stm32f0xx_hal_i2c.o
LOAD Drivers/STM32F0xx_HAL_Driver/Src/stm32f0xx_hal_i2c_ex.o
LOAD Drivers/STM32F0xx_HAL_Driver/Src/stm32f0xx_hal_pwr.o
LOAD Drivers/STM32F0xx_HAL_Driver/Src/stm32f0xx_hal_pwr_ex.o
LOAD Drivers/STM32F0xx_HAL_Driver/Src/stm32f0xx_hal_rcc.o
LOAD Drivers/STM32F0xx_HAL_Driver/Src/stm32f0xx_hal_rcc_ex.o
LOAD Drivers/STM32F0xx_HAL_Driver/Src/stm32f0xx_hal_spi.o
LOAD Drivers/STM32F0xx_HAL_Driver/Src/stm32f0xx_hal_spi_ex.o
LOAD Drivers/STM32F0xx_HAL_Driver/Src/stm32f0xx_hal_tim.o
LOAD Drivers/STM32F0xx_HAL_Driver/Src/stm32f0xx_hal_tim_ex.o
LOAD Drivers/STM32F0xx_HAL_Driver/Src/stm32f0xx_hal_uart.o
LOAD Drivers/STM32F0xx_HAL_Driver/Src/stm32f0xx_hal_uart_ex.o
LOAD Drivers/nRF24/Src/MY_NRF24.o
LOAD Src/main.o
LOAD Src/stm32f0xx_hal_msp.o
LOAD Src/stm32f0xx_it.o
LOAD Src/syscalls.o
LOAD Src/system_stm32f0xx.o
LOAD startup/startup_stm32f042x6.o
LOAD /home/bugi/Ac6/SystemWorkbench/plugins/fr.ac6.mcu.externaltools.arm-none.linux64_1.17.0.201812190825/tools/compiler/bin/../lib/gcc/arm-none-eabi/7.3.1/../../../../arm-none-eabi/lib/thumb/v6-m/libm.a
START GROUP
LOAD /home/bugi/Ac6/SystemWorkbench/plugins/fr.ac6.mcu.externaltools.arm-none.linux64_1.17.0.201812190825/tools/compiler/bin/../lib/gcc/arm-none-eabi/7.3.1/thumb/v6-m/libgcc.a
LOAD /home/bugi/Ac6/SystemWorkbench/plugins/fr.ac6.mcu.externaltools.arm-none.linux64_1.17.0.201812190825/tools/compiler/bin/../lib/gcc/arm-none-eabi/7.3.1/../../../../arm-none-eabi/lib/thumb/v6-m/libc_nano.a
END GROUP
START GROUP
LOAD /home/bugi/Ac6/SystemWorkbench/plugins/fr.ac6.mcu.externaltools.arm-none.linux64_1.17.0.201812190825/tools/compiler/bin/../lib/gcc/arm-none-eabi/7.3.1/thumb/v6-m/libgcc.a
LOAD /home/bugi/Ac6/SystemWorkbench/plugins/fr.ac6.mcu.externaltools.arm-none.linux64_1.17.0.201812190825/tools/compiler/bin/../lib/gcc/arm-none-eabi/7.3.1/../../../../arm-none-eabi/lib/thumb/v6-m/libc_nano.a
LOAD /home/bugi/Ac6/SystemWorkbench/plugins/fr.ac6.mcu.externaltools.arm-none.linux64_1.17.0.201812190825/tools/compiler/bin/../lib/gcc/arm-none-eabi/7.3.1/../../../../arm-none-eabi/lib/thumb/v6-m/libnosys.a
END GROUP
START GROUP
LOAD /home/bugi/Ac6/SystemWorkbench/plugins/fr.ac6.mcu.externaltools.arm-none.linux64_1.17.0.201812190825/tools/compiler/bin/../lib/gcc/arm-none-eabi/7.3.1/thumb/v6-m/libgcc.a
LOAD /home/bugi/Ac6/SystemWorkbench/plugins/fr.ac6.mcu.externaltools.arm-none.linux64_1.17.0.201812190825/tools/compiler/bin/../lib/gcc/arm-none-eabi/7.3.1/../../../../arm-none-eabi/lib/thumb/v6-m/libc_nano.a
LOAD /home/bugi/Ac6/SystemWorkbench/plugins/fr.ac6.mcu.externaltools.arm-none.linux64_1.17.0.201812190825/tools/compiler/bin/../lib/gcc/arm-none-eabi/7.3.1/../../../../arm-none-eabi/lib/thumb/v6-m/libnosys.a
END GROUP
LOAD /home/bugi/Ac6/SystemWorkbench/plugins/fr.ac6.mcu.externaltools.arm-none.linux64_1.17.0.201812190825/tools/compiler/bin/../lib/gcc/arm-none-eabi/7.3.1/thumb/v6-m/crtend.o
LOAD /home/bugi/Ac6/SystemWorkbench/plugins/fr.ac6.mcu.externaltools.arm-none.linux64_1.17.0.201812190825/tools/compiler/bin/../lib/gcc/arm-none-eabi/7.3.1/thumb/v6-m/crtn.o
                0x0000000020001800                _estack = 0x20001800
                0x0000000000000200                _Min_Heap_Size = 0x200
                0x0000000000000400                _Min_Stack_Size = 0x400

.isr_vector     0x0000000008000000       0xc0
                0x0000000008000000                . = ALIGN (0x4)
 *(.isr_vector)
 .isr_vector    0x0000000008000000       0xc0 startup/startup_stm32f042x6.o
                0x0000000008000000                g_pfnVectors
                0x00000000080000c0                . = ALIGN (0x4)

.text           0x00000000080000c0     0x33cc
                0x00000000080000c0                . = ALIGN (0x4)
 *(.text)
 .text          0x00000000080000c0       0x48 /home/bugi/Ac6/SystemWorkbench/plugins/fr.ac6.mcu.externaltools.arm-none.linux64_1.17.0.201812190825/tools/compiler/bin/../lib/gcc/arm-none-eabi/7.3.1/thumb/v6-m/crtbegin.o
 .text          0x0000000008000108      0x114 /home/bugi/Ac6/SystemWorkbench/plugins/fr.ac6.mcu.externaltools.arm-none.linux64_1.17.0.201812190825/tools/compiler/bin/../lib/gcc/arm-none-eabi/7.3.1/thumb/v6-m/libgcc.a(_udivsi3.o)
                0x0000000008000108                __udivsi3
                0x0000000008000108                __aeabi_uidiv
                0x0000000008000214                __aeabi_uidivmod
 .text          0x000000000800021c        0x4 /home/bugi/Ac6/SystemWorkbench/plugins/fr.ac6.mcu.externaltools.arm-none.linux64_1.17.0.201812190825/tools/compiler/bin/../lib/gcc/arm-none-eabi/7.3.1/thumb/v6-m/libgcc.a(_dvmd_tls.o)
                0x000000000800021c                __aeabi_ldiv0
                0x000000000800021c                __aeabi_idiv0
 .text          0x0000000008000220        0xe /home/bugi/Ac6/SystemWorkbench/plugins/fr.ac6.mcu.externaltools.arm-none.linux64_1.17.0.201812190825/tools/compiler/bin/../lib/gcc/arm-none-eabi/7.3.1/../../../../arm-none-eabi/lib/thumb/v6-m/libc_nano.a(lib_a-strlen.o)
                0x0000000008000220                strlen
 *(.text*)
 *fill*         0x000000000800022e        0x2 
 .text.HAL_InitTick
                0x0000000008000230       0x4c Drivers/STM32F0xx_HAL_Driver/Src/stm32f0xx_hal.o
                0x0000000008000230                HAL_InitTick
 .text.HAL_Init
                0x000000000800027c       0x20 Drivers/STM32F0xx_HAL_Driver/Src/stm32f0xx_hal.o
                0x000000000800027c                HAL_Init
 .text.HAL_IncTick
                0x000000000800029c       0x18 Drivers/STM32F0xx_HAL_Driver/Src/stm32f0xx_hal.o
                0x000000000800029c                HAL_IncTick
 .text.HAL_GetTick
                0x00000000080002b4        0xc Drivers/STM32F0xx_HAL_Driver/Src/stm32f0xx_hal.o
                0x00000000080002b4                HAL_GetTick
 .text.HAL_Delay
                0x00000000080002c0       0x24 Drivers/STM32F0xx_HAL_Driver/Src/stm32f0xx_hal.o
                0x00000000080002c0                HAL_Delay
 .text.HAL_NVIC_SetPriority
                0x00000000080002e4       0x64 Drivers/STM32F0xx_HAL_Driver/Src/stm32f0xx_hal_cortex.o
                0x00000000080002e4                HAL_NVIC_SetPriority
 .text.HAL_SYSTICK_Config
                0x0000000008000348       0x38 Drivers/STM32F0xx_HAL_Driver/Src/stm32f0xx_hal_cortex.o
                0x0000000008000348                HAL_SYSTICK_Config
 .text.HAL_GPIO_Init
                0x0000000008000380      0x180 Drivers/STM32F0xx_HAL_Driver/Src/stm32f0xx_hal_gpio.o
                0x0000000008000380                HAL_GPIO_Init
 .text.HAL_GPIO_WritePin
                0x0000000008000500        0xc Drivers/STM32F0xx_HAL_Driver/Src/stm32f0xx_hal_gpio.o
                0x0000000008000500                HAL_GPIO_WritePin
 .text.HAL_GPIO_TogglePin
                0x000000000800050c       0x10 Drivers/STM32F0xx_HAL_Driver/Src/stm32f0xx_hal_gpio.o
                0x000000000800050c                HAL_GPIO_TogglePin
 .text.HAL_RCC_OscConfig
                0x000000000800051c      0x540 Drivers/STM32F0xx_HAL_Driver/Src/stm32f0xx_hal_rcc.o
                0x000000000800051c                HAL_RCC_OscConfig
 .text.HAL_RCC_GetSysClockFreq
                0x0000000008000a5c       0x94 Drivers/STM32F0xx_HAL_Driver/Src/stm32f0xx_hal_rcc.o
                0x0000000008000a5c                HAL_RCC_GetSysClockFreq
 .text.HAL_RCC_ClockConfig
                0x0000000008000af0      0x140 Drivers/STM32F0xx_HAL_Driver/Src/stm32f0xx_hal_rcc.o
                0x0000000008000af0                HAL_RCC_ClockConfig
 .text.HAL_RCC_GetHCLKFreq
                0x0000000008000c30        0xc Drivers/STM32F0xx_HAL_Driver/Src/stm32f0xx_hal_rcc.o
                0x0000000008000c30                HAL_RCC_GetHCLKFreq
 .text.HAL_RCC_GetPCLK1Freq
                0x0000000008000c3c       0x20 Drivers/STM32F0xx_HAL_Driver/Src/stm32f0xx_hal_rcc.o
                0x0000000008000c3c                HAL_RCC_GetPCLK1Freq
 .text.SPI_WaitFlagStateUntilTimeout
                0x0000000008000c5c       0x9c Drivers/STM32F0xx_HAL_Driver/Src/stm32f0xx_hal_spi.o
 .text.SPI_WaitFifoStateUntilTimeout
                0x0000000008000cf8       0xa8 Drivers/STM32F0xx_HAL_Driver/Src/stm32f0xx_hal_spi.o
 .text.SPI_EndRxTxTransaction
                0x0000000008000da0       0x68 Drivers/STM32F0xx_HAL_Driver/Src/stm32f0xx_hal_spi.o
 .text.SPI_EndRxTransaction
                0x0000000008000e08       0x90 Drivers/STM32F0xx_HAL_Driver/Src/stm32f0xx_hal_spi.o
 .text.HAL_SPI_Init
                0x0000000008000e98       0xcc Drivers/STM32F0xx_HAL_Driver/Src/stm32f0xx_hal_spi.o
                0x0000000008000e98                HAL_SPI_Init
 .text.HAL_SPI_Transmit
                0x0000000008000f64      0x1e0 Drivers/STM32F0xx_HAL_Driver/Src/stm32f0xx_hal_spi.o
                0x0000000008000f64                HAL_SPI_Transmit
 .text.HAL_SPI_TransmitReceive
                0x0000000008001144      0x2d0 Drivers/STM32F0xx_HAL_Driver/Src/stm32f0xx_hal_spi.o
                0x0000000008001144                HAL_SPI_TransmitReceive
 .text.HAL_SPI_Receive
                0x0000000008001414      0x19c Drivers/STM32F0xx_HAL_Driver/Src/stm32f0xx_hal_spi.o
                0x0000000008001414                HAL_SPI_Receive
 .text.UART_SetConfig
                0x00000000080015b0      0x1e4 Drivers/STM32F0xx_HAL_Driver/Src/stm32f0xx_hal_uart.o
                0x00000000080015b0                UART_SetConfig
 .text.UART_AdvFeatureConfig
                0x0000000008001794       0xe0 Drivers/STM32F0xx_HAL_Driver/Src/stm32f0xx_hal_uart.o
                0x0000000008001794                UART_AdvFeatureConfig
 .text.UART_WaitOnFlagUntilTimeout
                0x0000000008001874       0xa4 Drivers/STM32F0xx_HAL_Driver/Src/stm32f0xx_hal_uart.o
                0x0000000008001874                UART_WaitOnFlagUntilTimeout
 .text.HAL_UART_Transmit
                0x0000000008001918       0xec Drivers/STM32F0xx_HAL_Driver/Src/stm32f0xx_hal_uart.o
                0x0000000008001918                HAL_UART_Transmit
 .text.UART_CheckIdleState
                0x0000000008001a04       0x6c Drivers/STM32F0xx_HAL_Driver/Src/stm32f0xx_hal_uart.o
                0x0000000008001a04                UART_CheckIdleState
 .text.HAL_UART_Init
                0x0000000008001a70       0x6c Drivers/STM32F0xx_HAL_Driver/Src/stm32f0xx_hal_uart.o
                0x0000000008001a70                HAL_UART_Init
 .text.NRF24_DelayMicroSeconds
                0x0000000008001adc        0xa Drivers/nRF24/Src/MY_NRF24.o
                0x0000000008001adc                NRF24_DelayMicroSeconds
 *fill*         0x0000000008001ae6        0x2 
 .text.NRF24_csn
                0x0000000008001ae8       0x28 Drivers/nRF24/Src/MY_NRF24.o
                0x0000000008001ae8                NRF24_csn
 .text.NRF24_ce
                0x0000000008001b10       0x28 Drivers/nRF24/Src/MY_NRF24.o
                0x0000000008001b10                NRF24_ce
 .text.NRF24_read_register
                0x0000000008001b38       0x44 Drivers/nRF24/Src/MY_NRF24.o
                0x0000000008001b38                NRF24_read_register
 .text.NRF24_read_registerN
                0x0000000008001b7c       0x40 Drivers/nRF24/Src/MY_NRF24.o
                0x0000000008001b7c                NRF24_read_registerN
 .text.NRF24_write_register
                0x0000000008001bbc       0x34 Drivers/nRF24/Src/MY_NRF24.o
                0x0000000008001bbc                NRF24_write_register
 .text.NRF24_write_registerN
                0x0000000008001bf0       0x40 Drivers/nRF24/Src/MY_NRF24.o
                0x0000000008001bf0                NRF24_write_registerN
 .text.NRF24_write_payload
                0x0000000008001c30       0x40 Drivers/nRF24/Src/MY_NRF24.o
                0x0000000008001c30                NRF24_write_payload
 .text.NRF24_flush_tx
                0x0000000008001c70        0xc Drivers/nRF24/Src/MY_NRF24.o
                0x0000000008001c70                NRF24_flush_tx
 .text.NRF24_flush_rx
                0x0000000008001c7c        0xc Drivers/nRF24/Src/MY_NRF24.o
                0x0000000008001c7c                NRF24_flush_rx
 .text.NRF24_get_status
                0x0000000008001c88        0xa Drivers/nRF24/Src/MY_NRF24.o
                0x0000000008001c88                NRF24_get_status
 .text.NRF24_stopListening
                0x0000000008001c92       0x12 Drivers/nRF24/Src/MY_NRF24.o
                0x0000000008001c92                NRF24_stopListening
 .text.NRF24_openWritingPipe
                0x0000000008001ca4       0x3c Drivers/nRF24/Src/MY_NRF24.o
                0x0000000008001ca4                NRF24_openWritingPipe
 .text.NRF24_setRetries
                0x0000000008001ce0       0x14 Drivers/nRF24/Src/MY_NRF24.o
                0x0000000008001ce0                NRF24_setRetries
 .text.NRF24_setChannel
                0x0000000008001cf4       0x14 Drivers/nRF24/Src/MY_NRF24.o
                0x0000000008001cf4                NRF24_setChannel
 .text.NRF24_setPayloadSize
                0x0000000008001d08       0x14 Drivers/nRF24/Src/MY_NRF24.o
                0x0000000008001d08                NRF24_setPayloadSize
 .text.NRF24_getDynamicPayloadSize
                0x0000000008001d1c        0xa Drivers/nRF24/Src/MY_NRF24.o
                0x0000000008001d1c                NRF24_getDynamicPayloadSize
 .text.NRF24_disableDynamicPayloads
                0x0000000008001d26       0x1e Drivers/nRF24/Src/MY_NRF24.o
                0x0000000008001d26                NRF24_disableDynamicPayloads
 .text.NRF24_setAutoAck
                0x0000000008001d44       0x1a Drivers/nRF24/Src/MY_NRF24.o
                0x0000000008001d44                NRF24_setAutoAck
 .text.NRF24_setPALevel
                0x0000000008001d5e       0x40 Drivers/nRF24/Src/MY_NRF24.o
                0x0000000008001d5e                NRF24_setPALevel
 .text.NRF24_setDataRate
                0x0000000008001d9e       0x3e Drivers/nRF24/Src/MY_NRF24.o
                0x0000000008001d9e                NRF24_setDataRate
 .text.NRF24_setCRCLength
                0x0000000008001ddc       0x2a Drivers/nRF24/Src/MY_NRF24.o
                0x0000000008001ddc                NRF24_setCRCLength
 .text.NRF24_powerDown
                0x0000000008001e06       0x16 Drivers/nRF24/Src/MY_NRF24.o
                0x0000000008001e06                NRF24_powerDown
 .text.NRF24_availablePipe
                0x0000000008001e1c       0x40 Drivers/nRF24/Src/MY_NRF24.o
                0x0000000008001e1c                NRF24_availablePipe
 .text.NRF24_available
                0x0000000008001e5c        0xa Drivers/nRF24/Src/MY_NRF24.o
                0x0000000008001e5c                NRF24_available
 .text.NRF24_startWrite
                0x0000000008001e66       0x40 Drivers/nRF24/Src/MY_NRF24.o
                0x0000000008001e66                NRF24_startWrite
 .text.NRF24_whatHappened
                0x0000000008001ea6       0x30 Drivers/nRF24/Src/MY_NRF24.o
                0x0000000008001ea6                NRF24_whatHappened
 .text.NRF24_resetStatus
                0x0000000008001ed6        0xc Drivers/nRF24/Src/MY_NRF24.o
                0x0000000008001ed6                NRF24_resetStatus
 *fill*         0x0000000008001ee2        0x2 
 .text.NRF24_ACTIVATE_cmd
                0x0000000008001ee4       0x30 Drivers/nRF24/Src/MY_NRF24.o
                0x0000000008001ee4                NRF24_ACTIVATE_cmd
 .text.printRadioSettings
                0x0000000008001f14      0x5bc Drivers/nRF24/Src/MY_NRF24.o
                0x0000000008001f14                printRadioSettings
 .text.NRF24_begin
                0x00000000080024d0      0x17c Drivers/nRF24/Src/MY_NRF24.o
                0x00000000080024d0                NRF24_begin
 .text.printStatusReg
                0x000000000800264c       0xac Drivers/nRF24/Src/MY_NRF24.o
                0x000000000800264c                printStatusReg
 .text.printConfigReg
                0x00000000080026f8       0x90 Drivers/nRF24/Src/MY_NRF24.o
                0x00000000080026f8                printConfigReg
 .text.NRF24_write
                0x0000000008002788       0x7c Drivers/nRF24/Src/MY_NRF24.o
                0x0000000008002788                NRF24_write
 .text.nrf24_DebugUART_Init
                0x0000000008002804       0x24 Drivers/nRF24/Src/MY_NRF24.o
                0x0000000008002804                nrf24_DebugUART_Init
 .text.MX_GPIO_Init
                0x0000000008002828       0x84 Src/main.o
 .text.MX_SPI1_Init
                0x00000000080028ac       0x48 Src/main.o
 .text.MX_USART2_UART_Init
                0x00000000080028f4       0x30 Src/main.o
 .text.SystemClock_Config
                0x0000000008002924       0x42 Src/main.o
                0x0000000008002924                SystemClock_Config
 *fill*         0x0000000008002966        0x2 
 .text.main     0x0000000008002968       0xc8 Src/main.o
                0x0000000008002968                main
 .text.HAL_MspInit
                0x0000000008002a30       0x30 Src/stm32f0xx_hal_msp.o
                0x0000000008002a30                HAL_MspInit
 .text.HAL_SPI_MspInit
                0x0000000008002a60       0x64 Src/stm32f0xx_hal_msp.o
                0x0000000008002a60                HAL_SPI_MspInit
 .text.HAL_UART_MspInit
                0x0000000008002ac4       0x68 Src/stm32f0xx_hal_msp.o
                0x0000000008002ac4                HAL_UART_MspInit
 .text.NMI_Handler
                0x0000000008002b2c        0x2 Src/stm32f0xx_it.o
                0x0000000008002b2c                NMI_Handler
 .text.HardFault_Handler
                0x0000000008002b2e        0x2 Src/stm32f0xx_it.o
                0x0000000008002b2e                HardFault_Handler
 .text.SVC_Handler
                0x0000000008002b30        0x2 Src/stm32f0xx_it.o
                0x0000000008002b30                SVC_Handler
 .text.PendSV_Handler
                0x0000000008002b32        0x2 Src/stm32f0xx_it.o
                0x0000000008002b32                PendSV_Handler
 .text.SysTick_Handler
                0x0000000008002b34        0x8 Src/stm32f0xx_it.o
                0x0000000008002b34                SysTick_Handler
 .text._sbrk    0x0000000008002b3c       0x3c Src/syscalls.o
                0x0000000008002b3c                _sbrk
 .text.SystemInit
                0x0000000008002b78        0x2 Src/system_stm32f0xx.o
                0x0000000008002b78                SystemInit
 *fill*         0x0000000008002b7a        0x2 
 .text.Reset_Handler
                0x0000000008002b7c       0x80 startup/startup_stm32f042x6.o
                0x0000000008002b7c                Reset_Handler
 .text.Default_Handler
                0x0000000008002bfc        0x2 startup/startup_stm32f042x6.o
                0x0000000008002bfc                TIM1_CC_IRQHandler
                0x0000000008002bfc                TSC_IRQHandler
                0x0000000008002bfc                I2C1_IRQHandler
                0x0000000008002bfc                RCC_CRS_IRQHandler
                0x0000000008002bfc                SPI1_IRQHandler
                0x0000000008002bfc                EXTI2_3_IRQHandler
                0x0000000008002bfc                ADC1_IRQHandler
                0x0000000008002bfc                TIM17_IRQHandler
                0x0000000008002bfc                CEC_CAN_IRQHandler
                0x0000000008002bfc                RTC_IRQHandler
                0x0000000008002bfc                PVD_VDDIO2_IRQHandler
                0x0000000008002bfc                TIM16_IRQHandler
                0x0000000008002bfc                TIM3_IRQHandler
                0x0000000008002bfc                EXTI4_15_IRQHandler
                0x0000000008002bfc                DMA1_Channel1_IRQHandler
                0x0000000008002bfc                Default_Handler
                0x0000000008002bfc                TIM14_IRQHandler
                0x0000000008002bfc                DMA1_Channel4_5_IRQHandler
                0x0000000008002bfc                EXTI0_1_IRQHandler
                0x0000000008002bfc                USB_IRQHandler
                0x0000000008002bfc                SPI2_IRQHandler
                0x0000000008002bfc                WWDG_IRQHandler
                0x0000000008002bfc                TIM2_IRQHandler
                0x0000000008002bfc                DMA1_Channel2_3_IRQHandler
                0x0000000008002bfc                USART2_IRQHandler
                0x0000000008002bfc                FLASH_IRQHandler
                0x0000000008002bfc                USART1_IRQHandler
                0x0000000008002bfc                TIM1_BRK_UP_TRG_COM_IRQHandler
 *fill*         0x0000000008002bfe        0x2 
 .text.__errno  0x0000000008002c00        0xc /home/bugi/Ac6/SystemWorkbench/plugins/fr.ac6.mcu.externaltools.arm-none.linux64_1.17.0.201812190825/tools/compiler/bin/../lib/gcc/arm-none-eabi/7.3.1/../../../../arm-none-eabi/lib/thumb/v6-m/libc_nano.a(lib_a-errno.o)
                0x0000000008002c00                __errno
 .text.__libc_init_array
                0x0000000008002c0c       0x48 /home/bugi/Ac6/SystemWorkbench/plugins/fr.ac6.mcu.externaltools.arm-none.linux64_1.17.0.201812190825/tools/compiler/bin/../lib/gcc/arm-none-eabi/7.3.1/../../../../arm-none-eabi/lib/thumb/v6-m/libc_nano.a(lib_a-init.o)
                0x0000000008002c0c                __libc_init_array
 .text.memcpy   0x0000000008002c54       0x12 /home/bugi/Ac6/SystemWorkbench/plugins/fr.ac6.mcu.externaltools.arm-none.linux64_1.17.0.201812190825/tools/compiler/bin/../lib/gcc/arm-none-eabi/7.3.1/../../../../arm-none-eabi/lib/thumb/v6-m/libc_nano.a(lib_a-memcpy-stub.o)
                0x0000000008002c54                memcpy
 .text.memset   0x0000000008002c66       0x10 /home/bugi/Ac6/SystemWorkbench/plugins/fr.ac6.mcu.externaltools.arm-none.linux64_1.17.0.201812190825/tools/compiler/bin/../lib/gcc/arm-none-eabi/7.3.1/../../../../arm-none-eabi/lib/thumb/v6-m/libc_nano.a(lib_a-memset.o)
                0x0000000008002c66                memset
 *fill*         0x0000000008002c76        0x2 
 .text.sprintf  0x0000000008002c78       0x40 /home/bugi/Ac6/SystemWorkbench/plugins/fr.ac6.mcu.externaltools.arm-none.linux64_1.17.0.201812190825/tools/compiler/bin/../lib/gcc/arm-none-eabi/7.3.1/../../../../arm-none-eabi/lib/thumb/v6-m/libc_nano.a(lib_a-sprintf.o)
                0x0000000008002c78                sprintf
                0x0000000008002c78                siprintf
 .text.__ssputs_r
                0x0000000008002cb8       0xc4 /home/bugi/Ac6/SystemWorkbench/plugins/fr.ac6.mcu.externaltools.arm-none.linux64_1.17.0.201812190825/tools/compiler/bin/../lib/gcc/arm-none-eabi/7.3.1/../../../../arm-none-eabi/lib/thumb/v6-m/libc_nano.a(lib_a-nano-svfprintf.o)
                0x0000000008002cb8                __ssputs_r
 .text._svfprintf_r
                0x0000000008002d7c      0x1fc /home/bugi/Ac6/SystemWorkbench/plugins/fr.ac6.mcu.externaltools.arm-none.linux64_1.17.0.201812190825/tools/compiler/bin/../lib/gcc/arm-none-eabi/7.3.1/../../../../arm-none-eabi/lib/thumb/v6-m/libc_nano.a(lib_a-nano-svfprintf.o)
                0x0000000008002d7c                _svfprintf_r
                0x0000000008002d7c                _svfiprintf_r
 .text._printf_common
                0x0000000008002f78       0xda /home/bugi/Ac6/SystemWorkbench/plugins/fr.ac6.mcu.externaltools.arm-none.linux64_1.17.0.201812190825/tools/compiler/bin/../lib/gcc/arm-none-eabi/7.3.1/../../../../arm-none-eabi/lib/thumb/v6-m/libc_nano.a(lib_a-nano-vfprintf_i.o)
                0x0000000008002f78                _printf_common
 *fill*         0x0000000008003052        0x2 
 .text._printf_i
                0x0000000008003054      0x210 /home/bugi/Ac6/SystemWorkbench/plugins/fr.ac6.mcu.externaltools.arm-none.linux64_1.17.0.201812190825/tools/compiler/bin/../lib/gcc/arm-none-eabi/7.3.1/../../../../arm-none-eabi/lib/thumb/v6-m/libc_nano.a(lib_a-nano-vfprintf_i.o)
                0x0000000008003054                _printf_i
 .text.memchr   0x0000000008003264       0x16 /home/bugi/Ac6/SystemWorkbench/plugins/fr.ac6.mcu.externaltools.arm-none.linux64_1.17.0.201812190825/tools/compiler/bin/../lib/gcc/arm-none-eabi/7.3.1/../../../../arm-none-eabi/lib/thumb/v6-m/libc_nano.a(lib_a-memchr-stub.o)
                0x0000000008003264                memchr
 .text.memmove  0x000000000800327a       0x26 /home/bugi/Ac6/SystemWorkbench/plugins/fr.ac6.mcu.externaltools.arm-none.linux64_1.17.0.201812190825/tools/compiler/bin/../lib/gcc/arm-none-eabi/7.3.1/../../../../arm-none-eabi/lib/thumb/v6-m/libc_nano.a(lib_a-memmove.o)
                0x000000000800327a                memmove
 .text._free_r  0x00000000080032a0       0x94 /home/bugi/Ac6/SystemWorkbench/plugins/fr.ac6.mcu.externaltools.arm-none.linux64_1.17.0.201812190825/tools/compiler/bin/../lib/gcc/arm-none-eabi/7.3.1/../../../../arm-none-eabi/lib/thumb/v6-m/libc_nano.a(lib_a-nano-freer.o)
                0x00000000080032a0                _free_r
 .text._malloc_r
                0x0000000008003334       0xbc /home/bugi/Ac6/SystemWorkbench/plugins/fr.ac6.mcu.externaltools.arm-none.linux64_1.17.0.201812190825/tools/compiler/bin/../lib/gcc/arm-none-eabi/7.3.1/../../../../arm-none-eabi/lib/thumb/v6-m/libc_nano.a(lib_a-nano-mallocr.o)
                0x0000000008003334                _malloc_r
 .text._realloc_r
                0x00000000080033f0       0x4c /home/bugi/Ac6/SystemWorkbench/plugins/fr.ac6.mcu.externaltools.arm-none.linux64_1.17.0.201812190825/tools/compiler/bin/../lib/gcc/arm-none-eabi/7.3.1/../../../../arm-none-eabi/lib/thumb/v6-m/libc_nano.a(lib_a-nano-reallocr.o)
                0x00000000080033f0                _realloc_r
 .text._sbrk_r  0x000000000800343c       0x24 /home/bugi/Ac6/SystemWorkbench/plugins/fr.ac6.mcu.externaltools.arm-none.linux64_1.17.0.201812190825/tools/compiler/bin/../lib/gcc/arm-none-eabi/7.3.1/../../../../arm-none-eabi/lib/thumb/v6-m/libc_nano.a(lib_a-sbrkr.o)
                0x000000000800343c                _sbrk_r
 .text.__malloc_lock
                0x0000000008003460        0x2 /home/bugi/Ac6/SystemWorkbench/plugins/fr.ac6.mcu.externaltools.arm-none.linux64_1.17.0.201812190825/tools/compiler/bin/../lib/gcc/arm-none-eabi/7.3.1/../../../../arm-none-eabi/lib/thumb/v6-m/libc_nano.a(lib_a-mlock.o)
                0x0000000008003460                __malloc_lock
 .text.__malloc_unlock
                0x0000000008003462        0x2 /home/bugi/Ac6/SystemWorkbench/plugins/fr.ac6.mcu.externaltools.arm-none.linux64_1.17.0.201812190825/tools/compiler/bin/../lib/gcc/arm-none-eabi/7.3.1/../../../../arm-none-eabi/lib/thumb/v6-m/libc_nano.a(lib_a-mlock.o)
                0x0000000008003462                __malloc_unlock
 .text._malloc_usable_size_r
                0x0000000008003464       0x10 /home/bugi/Ac6/SystemWorkbench/plugins/fr.ac6.mcu.externaltools.arm-none.linux64_1.17.0.201812190825/tools/compiler/bin/../lib/gcc/arm-none-eabi/7.3.1/../../../../arm-none-eabi/lib/thumb/v6-m/libc_nano.a(lib_a-nano-msizer.o)
                0x0000000008003464                _malloc_usable_size_r
 *(.glue_7)
 .glue_7        0x0000000008003474        0x0 linker stubs
 *(.glue_7t)
 .glue_7t       0x0000000008003474        0x0 linker stubs
 *(.eh_frame)
 .eh_frame      0x0000000008003474        0x0 /home/bugi/Ac6/SystemWorkbench/plugins/fr.ac6.mcu.externaltools.arm-none.linux64_1.17.0.201812190825/tools/compiler/bin/../lib/gcc/arm-none-eabi/7.3.1/thumb/v6-m/crtbegin.o
 *(.init)
 .init          0x0000000008003474        0x4 /home/bugi/Ac6/SystemWorkbench/plugins/fr.ac6.mcu.externaltools.arm-none.linux64_1.17.0.201812190825/tools/compiler/bin/../lib/gcc/arm-none-eabi/7.3.1/thumb/v6-m/crti.o
                0x0000000008003474                _init
 .init          0x0000000008003478        0x8 /home/bugi/Ac6/SystemWorkbench/plugins/fr.ac6.mcu.externaltools.arm-none.linux64_1.17.0.201812190825/tools/compiler/bin/../lib/gcc/arm-none-eabi/7.3.1/thumb/v6-m/crtn.o
 *(.fini)
 .fini          0x0000000008003480        0x4 /home/bugi/Ac6/SystemWorkbench/plugins/fr.ac6.mcu.externaltools.arm-none.linux64_1.17.0.201812190825/tools/compiler/bin/../lib/gcc/arm-none-eabi/7.3.1/thumb/v6-m/crti.o
                0x0000000008003480                _fini
 .fini          0x0000000008003484        0x8 /home/bugi/Ac6/SystemWorkbench/plugins/fr.ac6.mcu.externaltools.arm-none.linux64_1.17.0.201812190825/tools/compiler/bin/../lib/gcc/arm-none-eabi/7.3.1/thumb/v6-m/crtn.o
                0x000000000800348c                . = ALIGN (0x4)
                0x000000000800348c                _etext = .

.vfp11_veneer   0x000000000800348c        0x0
 .vfp11_veneer  0x000000000800348c        0x0 linker stubs

.v4_bx          0x000000000800348c        0x0
 .v4_bx         0x000000000800348c        0x0 linker stubs

.iplt           0x000000000800348c        0x0
 .iplt          0x000000000800348c        0x0 /home/bugi/Ac6/SystemWorkbench/plugins/fr.ac6.mcu.externaltools.arm-none.linux64_1.17.0.201812190825/tools/compiler/bin/../lib/gcc/arm-none-eabi/7.3.1/thumb/v6-m/crtbegin.o

.rodata         0x000000000800348c      0x5e8
                0x000000000800348c                . = ALIGN (0x4)
 *(.rodata)
 .rodata        0x000000000800348c       0x20 Drivers/STM32F0xx_HAL_Driver/Src/stm32f0xx_hal_rcc.o
 .rodata        0x00000000080034ac       0x18 Src/system_stm32f0xx.o
                0x00000000080034ac                AHBPrescTable
                0x00000000080034bc                APBPrescTable
 *(.rodata*)
 .rodata.str1.4
                0x00000000080034c4      0x541 Drivers/nRF24/Src/MY_NRF24.o
 *fill*         0x0000000008003a05        0x3 
 .rodata.str1.4
                0x0000000008003a08       0x38 Src/main.o
 .rodata._svfprintf_r.str1.1
                0x0000000008003a40       0x11 /home/bugi/Ac6/SystemWorkbench/plugins/fr.ac6.mcu.externaltools.arm-none.linux64_1.17.0.201812190825/tools/compiler/bin/../lib/gcc/arm-none-eabi/7.3.1/../../../../arm-none-eabi/lib/thumb/v6-m/libc_nano.a(lib_a-nano-svfprintf.o)
 .rodata._printf_i.str1.1
                0x0000000008003a51       0x22 /home/bugi/Ac6/SystemWorkbench/plugins/fr.ac6.mcu.externaltools.arm-none.linux64_1.17.0.201812190825/tools/compiler/bin/../lib/gcc/arm-none-eabi/7.3.1/../../../../arm-none-eabi/lib/thumb/v6-m/libc_nano.a(lib_a-nano-vfprintf_i.o)
                0x0000000008003a74                . = ALIGN (0x4)
 *fill*         0x0000000008003a73        0x1 

.rel.dyn        0x0000000008003a74        0x0
 .rel.iplt      0x0000000008003a74        0x0 /home/bugi/Ac6/SystemWorkbench/plugins/fr.ac6.mcu.externaltools.arm-none.linux64_1.17.0.201812190825/tools/compiler/bin/../lib/gcc/arm-none-eabi/7.3.1/thumb/v6-m/crtbegin.o

.ARM.extab
 *(.ARM.extab* .gnu.linkonce.armextab.*)

.ARM            0x0000000008003a74        0x0
                0x0000000008003a74                __exidx_start = .
 *(.ARM.exidx*)
                0x0000000008003a74                __exidx_end = .

.preinit_array  0x0000000008003a74        0x0
                0x0000000008003a74                PROVIDE (__preinit_array_start = .)
 *(.preinit_array*)
                0x0000000008003a74                PROVIDE (__preinit_array_end = .)

.init_array     0x0000000008003a74        0x4
                0x0000000008003a74                PROVIDE (__init_array_start = .)
 *(SORT_BY_NAME(.init_array.*))
 *(.init_array*)
 .init_array    0x0000000008003a74        0x4 /home/bugi/Ac6/SystemWorkbench/plugins/fr.ac6.mcu.externaltools.arm-none.linux64_1.17.0.201812190825/tools/compiler/bin/../lib/gcc/arm-none-eabi/7.3.1/thumb/v6-m/crtbegin.o
                0x0000000008003a78                PROVIDE (__init_array_end = .)

.fini_array     0x0000000008003a78        0x4
                [!provide]                        PROVIDE (__fini_array_start = .)
 *(SORT_BY_NAME(.fini_array.*))
 *(.fini_array*)
 .fini_array    0x0000000008003a78        0x4 /home/bugi/Ac6/SystemWorkbench/plugins/fr.ac6.mcu.externaltools.arm-none.linux64_1.17.0.201812190825/tools/compiler/bin/../lib/gcc/arm-none-eabi/7.3.1/thumb/v6-m/crtbegin.o
                [!provide]                        PROVIDE (__fini_array_end = .)
                0x0000000008003a7c                _sidata = LOADADDR (.data)

.data           0x0000000020000000       0x98 load address 0x0000000008003a7c
                0x0000000020000000                . = ALIGN (0x4)
                0x0000000020000000                _sdata = .
 *(.data)
 .data          0x0000000020000000        0x8 Drivers/STM32F0xx_HAL_Driver/Src/stm32f0xx_hal.o
                0x0000000020000000                uwTickFreq
                0x0000000020000004                uwTickPrio
 .data          0x0000000020000008       0x28 Src/main.o
                0x0000000020000008                TxpipeAddr
                0x0000000020000010                myTxData
 .data          0x0000000020000030        0x4 Src/system_stm32f0xx.o
                0x0000000020000030                SystemCoreClock
 *(.data*)
 .data._impure_ptr
                0x0000000020000034        0x4 /home/bugi/Ac6/SystemWorkbench/plugins/fr.ac6.mcu.externaltools.arm-none.linux64_1.17.0.201812190825/tools/compiler/bin/../lib/gcc/arm-none-eabi/7.3.1/../../../../arm-none-eabi/lib/thumb/v6-m/libc_nano.a(lib_a-impure.o)
                0x0000000020000034                _impure_ptr
 .data.impure_data
                0x0000000020000038       0x60 /home/bugi/Ac6/SystemWorkbench/plugins/fr.ac6.mcu.externaltools.arm-none.linux64_1.17.0.201812190825/tools/compiler/bin/../lib/gcc/arm-none-eabi/7.3.1/../../../../arm-none-eabi/lib/thumb/v6-m/libc_nano.a(lib_a-impure.o)
                0x0000000020000098                . = ALIGN (0x4)
                0x0000000020000098                _edata = .

.igot.plt       0x0000000020000098        0x0 load address 0x0000000008003b14
 .igot.plt      0x0000000020000098        0x0 /home/bugi/Ac6/SystemWorkbench/plugins/fr.ac6.mcu.externaltools.arm-none.linux64_1.17.0.201812190825/tools/compiler/bin/../lib/gcc/arm-none-eabi/7.3.1/thumb/v6-m/crtbegin.o
                0x0000000020000098                . = ALIGN (0x4)

.bss            0x0000000020000098      0x218 load address 0x0000000008003b14
                0x0000000020000098                _sbss = .
                0x0000000020000098                __bss_start__ = _sbss
 *(.bss)
 .bss           0x0000000020000098       0x1c /home/bugi/Ac6/SystemWorkbench/plugins/fr.ac6.mcu.externaltools.arm-none.linux64_1.17.0.201812190825/tools/compiler/bin/../lib/gcc/arm-none-eabi/7.3.1/thumb/v6-m/crtbegin.o
 *fill*         0x00000000200000b4        0x4 
 .bss           0x00000000200000b8       0xfc Drivers/nRF24/Src/MY_NRF24.o
 .bss           0x00000000200001b4        0x8 Src/syscalls.o
                0x00000000200001b8                __env
 *(.bss*)
 .bss.__malloc_free_list
                0x00000000200001bc        0x4 /home/bugi/Ac6/SystemWorkbench/plugins/fr.ac6.mcu.externaltools.arm-none.linux64_1.17.0.201812190825/tools/compiler/bin/../lib/gcc/arm-none-eabi/7.3.1/../../../../arm-none-eabi/lib/thumb/v6-m/libc_nano.a(lib_a-nano-mallocr.o)
                0x00000000200001bc                __malloc_free_list
 .bss.__malloc_sbrk_start
                0x00000000200001c0        0x4 /home/bugi/Ac6/SystemWorkbench/plugins/fr.ac6.mcu.externaltools.arm-none.linux64_1.17.0.201812190825/tools/compiler/bin/../lib/gcc/arm-none-eabi/7.3.1/../../../../arm-none-eabi/lib/thumb/v6-m/libc_nano.a(lib_a-nano-mallocr.o)
                0x00000000200001c0                __malloc_sbrk_start
 *(COMMON)
 COMMON         0x00000000200001c4        0x4 Drivers/STM32F0xx_HAL_Driver/Src/stm32f0xx_hal.o
                0x00000000200001c4                uwTick
 COMMON         0x00000000200001c8       0xe4 Src/main.o
                0x00000000200001c8                hspi1
                0x000000002000022c                huart2
 COMMON         0x00000000200002ac        0x4 /home/bugi/Ac6/SystemWorkbench/plugins/fr.ac6.mcu.externaltools.arm-none.linux64_1.17.0.201812190825/tools/compiler/bin/../lib/gcc/arm-none-eabi/7.3.1/../../../../arm-none-eabi/lib/thumb/v6-m/libc_nano.a(lib_a-reent.o)
                0x00000000200002ac                errno
                0x00000000200002b0                . = ALIGN (0x4)
                0x00000000200002b0                _ebss = .
                0x00000000200002b0                __bss_end__ = _ebss

._user_heap_stack
                0x00000000200002b0      0x600 load address 0x0000000008003b14
                0x00000000200002b0                . = ALIGN (0x8)
                0x00000000200002b0                PROVIDE (end = .)
                [!provide]                        PROVIDE (_end = .)
                0x00000000200004b0                . = (. + _Min_Heap_Size)
 *fill*         0x00000000200002b0      0x200 
                0x00000000200008b0                . = (. + _Min_Stack_Size)
 *fill*         0x00000000200004b0      0x400 
                0x00000000200008b0                . = ALIGN (0x8)

/DISCARD/
 libc.a(*)
 libm.a(*)
 libgcc.a(*)

.ARM.attributes
                0x0000000000000000       0x28
 *(.ARM.attributes)
 .ARM.attributes
                0x0000000000000000       0x1e /home/bugi/Ac6/SystemWorkbench/plugins/fr.ac6.mcu.externaltools.arm-none.linux64_1.17.0.201812190825/tools/compiler/bin/../lib/gcc/arm-none-eabi/7.3.1/thumb/v6-m/crti.o
 .ARM.attributes
                0x000000000000001e       0x2c /home/bugi/Ac6/SystemWorkbench/plugins/fr.ac6.mcu.externaltools.arm-none.linux64_1.17.0.201812190825/tools/compiler/bin/../lib/gcc/arm-none-eabi/7.3.1/thumb/v6-m/crtbegin.o
 .ARM.attributes
                0x000000000000004a       0x31 Drivers/STM32F0xx_HAL_Driver/Src/stm32f0xx_hal.o
 .ARM.attributes
                0x000000000000007b       0x31 Drivers/STM32F0xx_HAL_Driver/Src/stm32f0xx_hal_cortex.o
 .ARM.attributes
                0x00000000000000ac       0x31 Drivers/STM32F0xx_HAL_Driver/Src/stm32f0xx_hal_gpio.o
 .ARM.attributes
                0x00000000000000dd       0x31 Drivers/STM32F0xx_HAL_Driver/Src/stm32f0xx_hal_rcc.o
 .ARM.attributes
                0x000000000000010e       0x31 Drivers/STM32F0xx_HAL_Driver/Src/stm32f0xx_hal_spi.o
 .ARM.attributes
                0x000000000000013f       0x31 Drivers/STM32F0xx_HAL_Driver/Src/stm32f0xx_hal_uart.o
 .ARM.attributes
                0x0000000000000170       0x31 Drivers/nRF24/Src/MY_NRF24.o
 .ARM.attributes
                0x00000000000001a1       0x31 Src/main.o
 .ARM.attributes
                0x00000000000001d2       0x31 Src/stm32f0xx_hal_msp.o
 .ARM.attributes
                0x0000000000000203       0x31 Src/stm32f0xx_it.o
 .ARM.attributes
                0x0000000000000234       0x31 Src/syscalls.o
 .ARM.attributes
                0x0000000000000265       0x31 Src/system_stm32f0xx.o
 .ARM.attributes
                0x0000000000000296       0x21 startup/startup_stm32f042x6.o
 .ARM.attributes
                0x00000000000002b7       0x1e /home/bugi/Ac6/SystemWorkbench/plugins/fr.ac6.mcu.externaltools.arm-none.linux64_1.17.0.201812190825/tools/compiler/bin/../lib/gcc/arm-none-eabi/7.3.1/thumb/v6-m/libgcc.a(_udivsi3.o)
 .ARM.attributes
                0x00000000000002d5       0x1e /home/bugi/Ac6/SystemWorkbench/plugins/fr.ac6.mcu.externaltools.arm-none.linux64_1.17.0.201812190825/tools/compiler/bin/../lib/gcc/arm-none-eabi/7.3.1/thumb/v6-m/libgcc.a(_dvmd_tls.o)
 .ARM.attributes
                0x00000000000002f3       0x2c /home/bugi/Ac6/SystemWorkbench/plugins/fr.ac6.mcu.externaltools.arm-none.linux64_1.17.0.201812190825/tools/compiler/bin/../lib/gcc/arm-none-eabi/7.3.1/../../../../arm-none-eabi/lib/thumb/v6-m/libc_nano.a(lib_a-errno.o)
 .ARM.attributes
                0x000000000000031f       0x2c /home/bugi/Ac6/SystemWorkbench/plugins/fr.ac6.mcu.externaltools.arm-none.linux64_1.17.0.201812190825/tools/compiler/bin/../lib/gcc/arm-none-eabi/7.3.1/../../../../arm-none-eabi/lib/thumb/v6-m/libc_nano.a(lib_a-impure.o)
 .ARM.attributes
                0x000000000000034b       0x2c /home/bugi/Ac6/SystemWorkbench/plugins/fr.ac6.mcu.externaltools.arm-none.linux64_1.17.0.201812190825/tools/compiler/bin/../lib/gcc/arm-none-eabi/7.3.1/../../../../arm-none-eabi/lib/thumb/v6-m/libc_nano.a(lib_a-init.o)
 .ARM.attributes
                0x0000000000000377       0x2c /home/bugi/Ac6/SystemWorkbench/plugins/fr.ac6.mcu.externaltools.arm-none.linux64_1.17.0.201812190825/tools/compiler/bin/../lib/gcc/arm-none-eabi/7.3.1/../../../../arm-none-eabi/lib/thumb/v6-m/libc_nano.a(lib_a-memcpy-stub.o)
 .ARM.attributes
                0x00000000000003a3       0x2c /home/bugi/Ac6/SystemWorkbench/plugins/fr.ac6.mcu.externaltools.arm-none.linux64_1.17.0.201812190825/tools/compiler/bin/../lib/gcc/arm-none-eabi/7.3.1/../../../../arm-none-eabi/lib/thumb/v6-m/libc_nano.a(lib_a-memset.o)
 .ARM.attributes
                0x00000000000003cf       0x2c /home/bugi/Ac6/SystemWorkbench/plugins/fr.ac6.mcu.externaltools.arm-none.linux64_1.17.0.201812190825/tools/compiler/bin/../lib/gcc/arm-none-eabi/7.3.1/../../../../arm-none-eabi/lib/thumb/v6-m/libc_nano.a(lib_a-sprintf.o)
 .ARM.attributes
                0x00000000000003fb       0x1c /home/bugi/Ac6/SystemWorkbench/plugins/fr.ac6.mcu.externaltools.arm-none.linux64_1.17.0.201812190825/tools/compiler/bin/../lib/gcc/arm-none-eabi/7.3.1/../../../../arm-none-eabi/lib/thumb/v6-m/libc_nano.a(lib_a-strlen.o)
 .ARM.attributes
                0x0000000000000417       0x2c /home/bugi/Ac6/SystemWorkbench/plugins/fr.ac6.mcu.externaltools.arm-none.linux64_1.17.0.201812190825/tools/compiler/bin/../lib/gcc/arm-none-eabi/7.3.1/../../../../arm-none-eabi/lib/thumb/v6-m/libc_nano.a(lib_a-nano-svfprintf.o)
 .ARM.attributes
                0x0000000000000443       0x2c /home/bugi/Ac6/SystemWorkbench/plugins/fr.ac6.mcu.externaltools.arm-none.linux64_1.17.0.201812190825/tools/compiler/bin/../lib/gcc/arm-none-eabi/7.3.1/../../../../arm-none-eabi/lib/thumb/v6-m/libc_nano.a(lib_a-nano-vfprintf_i.o)
 .ARM.attributes
                0x000000000000046f       0x2c /home/bugi/Ac6/SystemWorkbench/plugins/fr.ac6.mcu.externaltools.arm-none.linux64_1.17.0.201812190825/tools/compiler/bin/../lib/gcc/arm-none-eabi/7.3.1/../../../../arm-none-eabi/lib/thumb/v6-m/libc_nano.a(lib_a-memchr-stub.o)
 .ARM.attributes
                0x000000000000049b       0x2c /home/bugi/Ac6/SystemWorkbench/plugins/fr.ac6.mcu.externaltools.arm-none.linux64_1.17.0.201812190825/tools/compiler/bin/../lib/gcc/arm-none-eabi/7.3.1/../../../../arm-none-eabi/lib/thumb/v6-m/libc_nano.a(lib_a-memmove.o)
 .ARM.attributes
                0x00000000000004c7       0x2c /home/bugi/Ac6/SystemWorkbench/plugins/fr.ac6.mcu.externaltools.arm-none.linux64_1.17.0.201812190825/tools/compiler/bin/../lib/gcc/arm-none-eabi/7.3.1/../../../../arm-none-eabi/lib/thumb/v6-m/libc_nano.a(lib_a-nano-freer.o)
 .ARM.attributes
                0x00000000000004f3       0x2c /home/bugi/Ac6/SystemWorkbench/plugins/fr.ac6.mcu.externaltools.arm-none.linux64_1.17.0.201812190825/tools/compiler/bin/../lib/gcc/arm-none-eabi/7.3.1/../../../../arm-none-eabi/lib/thumb/v6-m/libc_nano.a(lib_a-nano-mallocr.o)
 .ARM.attributes
                0x000000000000051f       0x2c /home/bugi/Ac6/SystemWorkbench/plugins/fr.ac6.mcu.externaltools.arm-none.linux64_1.17.0.201812190825/tools/compiler/bin/../lib/gcc/arm-none-eabi/7.3.1/../../../../arm-none-eabi/lib/thumb/v6-m/libc_nano.a(lib_a-nano-reallocr.o)
 .ARM.attributes
                0x000000000000054b       0x2c /home/bugi/Ac6/SystemWorkbench/plugins/fr.ac6.mcu.externaltools.arm-none.linux64_1.17.0.201812190825/tools/compiler/bin/../lib/gcc/arm-none-eabi/7.3.1/../../../../arm-none-eabi/lib/thumb/v6-m/libc_nano.a(lib_a-sbrkr.o)
 .ARM.attributes
                0x0000000000000577       0x2c /home/bugi/Ac6/SystemWorkbench/plugins/fr.ac6.mcu.externaltools.arm-none.linux64_1.17.0.201812190825/tools/compiler/bin/../lib/gcc/arm-none-eabi/7.3.1/../../../../arm-none-eabi/lib/thumb/v6-m/libc_nano.a(lib_a-mlock.o)
 .ARM.attributes
                0x00000000000005a3       0x2c /home/bugi/Ac6/SystemWorkbench/plugins/fr.ac6.mcu.externaltools.arm-none.linux64_1.17.0.201812190825/tools/compiler/bin/../lib/gcc/arm-none-eabi/7.3.1/../../../../arm-none-eabi/lib/thumb/v6-m/libc_nano.a(lib_a-nano-msizer.o)
 .ARM.attributes
                0x00000000000005cf       0x2c /home/bugi/Ac6/SystemWorkbench/plugins/fr.ac6.mcu.externaltools.arm-none.linux64_1.17.0.201812190825/tools/compiler/bin/../lib/gcc/arm-none-eabi/7.3.1/../../../../arm-none-eabi/lib/thumb/v6-m/libc_nano.a(lib_a-reent.o)
 .ARM.attributes
                0x00000000000005fb       0x1e /home/bugi/Ac6/SystemWorkbench/plugins/fr.ac6.mcu.externaltools.arm-none.linux64_1.17.0.201812190825/tools/compiler/bin/../lib/gcc/arm-none-eabi/7.3.1/thumb/v6-m/crtn.o
OUTPUT(STM32nRF24TX.elf elf32-littlearm)

.debug_info     0x0000000000000000     0xccfe
 .debug_info    0x0000000000000000      0x722 Drivers/STM32F0xx_HAL_Driver/Src/stm32f0xx_hal.o
 .debug_info    0x0000000000000722      0x81f Drivers/STM32F0xx_HAL_Driver/Src/stm32f0xx_hal_cortex.o
 .debug_info    0x0000000000000f41      0x685 Drivers/STM32F0xx_HAL_Driver/Src/stm32f0xx_hal_gpio.o
 .debug_info    0x00000000000015c6      0xa1c Drivers/STM32F0xx_HAL_Driver/Src/stm32f0xx_hal_rcc.o
 .debug_info    0x0000000000001fe2     0x1e43 Drivers/STM32F0xx_HAL_Driver/Src/stm32f0xx_hal_spi.o
 .debug_info    0x0000000000003e25     0x1b46 Drivers/STM32F0xx_HAL_Driver/Src/stm32f0xx_hal_uart.o
 .debug_info    0x000000000000596b     0x390f Drivers/nRF24/Src/MY_NRF24.o
 .debug_info    0x000000000000927a     0x195e Src/main.o
 .debug_info    0x000000000000abd8      0xcd3 Src/stm32f0xx_hal_msp.o
 .debug_info    0x000000000000b8ab      0x1bc Src/stm32f0xx_it.o
 .debug_info    0x000000000000ba67      0xfd3 Src/syscalls.o
 .debug_info    0x000000000000ca3a      0x2a2 Src/system_stm32f0xx.o
 .debug_info    0x000000000000ccdc       0x22 startup/startup_stm32f042x6.o

.debug_abbrev   0x0000000000000000     0x1a98
 .debug_abbrev  0x0000000000000000      0x234 Drivers/STM32F0xx_HAL_Driver/Src/stm32f0xx_hal.o
 .debug_abbrev  0x0000000000000234      0x264 Drivers/STM32F0xx_HAL_Driver/Src/stm32f0xx_hal_cortex.o
 .debug_abbrev  0x0000000000000498      0x1de Drivers/STM32F0xx_HAL_Driver/Src/stm32f0xx_hal_gpio.o
 .debug_abbrev  0x0000000000000676      0x24e Drivers/STM32F0xx_HAL_Driver/Src/stm32f0xx_hal_rcc.o
 .debug_abbrev  0x00000000000008c4      0x26c Drivers/STM32F0xx_HAL_Driver/Src/stm32f0xx_hal_spi.o
 .debug_abbrev  0x0000000000000b30      0x24d Drivers/STM32F0xx_HAL_Driver/Src/stm32f0xx_hal_uart.o
 .debug_abbrev  0x0000000000000d7d      0x393 Drivers/nRF24/Src/MY_NRF24.o
 .debug_abbrev  0x0000000000001110      0x2c6 Src/main.o
 .debug_abbrev  0x00000000000013d6      0x1cd Src/stm32f0xx_hal_msp.o
 .debug_abbrev  0x00000000000015a3       0xe4 Src/stm32f0xx_it.o
 .debug_abbrev  0x0000000000001687      0x2d4 Src/syscalls.o
 .debug_abbrev  0x000000000000195b      0x12b Src/system_stm32f0xx.o
 .debug_abbrev  0x0000000000001a86       0x12 startup/startup_stm32f042x6.o

.debug_loc      0x0000000000000000     0x5546
 .debug_loc     0x0000000000000000      0x11b Drivers/STM32F0xx_HAL_Driver/Src/stm32f0xx_hal.o
 .debug_loc     0x000000000000011b      0x3b7 Drivers/STM32F0xx_HAL_Driver/Src/stm32f0xx_hal_cortex.o
 .debug_loc     0x00000000000004d2      0x349 Drivers/STM32F0xx_HAL_Driver/Src/stm32f0xx_hal_gpio.o
 .debug_loc     0x000000000000081b      0x4f7 Drivers/STM32F0xx_HAL_Driver/Src/stm32f0xx_hal_rcc.o
 .debug_loc     0x0000000000000d12     0x1c11 Drivers/STM32F0xx_HAL_Driver/Src/stm32f0xx_hal_spi.o
 .debug_loc     0x0000000000002923     0x1a84 Drivers/STM32F0xx_HAL_Driver/Src/stm32f0xx_hal_uart.o
 .debug_loc     0x00000000000043a7      0xbcd Drivers/nRF24/Src/MY_NRF24.o
 .debug_loc     0x0000000000004f74       0xe2 Src/stm32f0xx_hal_msp.o
 .debug_loc     0x0000000000005056      0x3c5 Src/syscalls.o
 .debug_loc     0x000000000000541b      0x12b Src/system_stm32f0xx.o

.debug_aranges  0x0000000000000000      0x9a0
 .debug_aranges
                0x0000000000000000       0xd0 Drivers/STM32F0xx_HAL_Driver/Src/stm32f0xx_hal.o
 .debug_aranges
                0x00000000000000d0       0x78 Drivers/STM32F0xx_HAL_Driver/Src/stm32f0xx_hal_cortex.o
 .debug_aranges
                0x0000000000000148       0x58 Drivers/STM32F0xx_HAL_Driver/Src/stm32f0xx_hal_gpio.o
 .debug_aranges
                0x00000000000001a0       0x80 Drivers/STM32F0xx_HAL_Driver/Src/stm32f0xx_hal_rcc.o
 .debug_aranges
                0x0000000000000220      0x1d8 Drivers/STM32F0xx_HAL_Driver/Src/stm32f0xx_hal_spi.o
 .debug_aranges
                0x00000000000003f8      0x210 Drivers/STM32F0xx_HAL_Driver/Src/stm32f0xx_hal_uart.o
 .debug_aranges
                0x0000000000000608      0x1d0 Drivers/nRF24/Src/MY_NRF24.o
 .debug_aranges
                0x00000000000007d8       0x48 Src/main.o
 .debug_aranges
                0x0000000000000820       0x40 Src/stm32f0xx_hal_msp.o
 .debug_aranges
                0x0000000000000860       0x40 Src/stm32f0xx_it.o
 .debug_aranges
                0x00000000000008a0       0xb0 Src/syscalls.o
 .debug_aranges
                0x0000000000000950       0x28 Src/system_stm32f0xx.o
 .debug_aranges
                0x0000000000000978       0x28 startup/startup_stm32f042x6.o

.debug_ranges   0x0000000000000000      0x968
 .debug_ranges  0x0000000000000000       0xc0 Drivers/STM32F0xx_HAL_Driver/Src/stm32f0xx_hal.o
 .debug_ranges  0x00000000000000c0       0xc8 Drivers/STM32F0xx_HAL_Driver/Src/stm32f0xx_hal_cortex.o
 .debug_ranges  0x0000000000000188       0x48 Drivers/STM32F0xx_HAL_Driver/Src/stm32f0xx_hal_gpio.o
 .debug_ranges  0x00000000000001d0       0x88 Drivers/STM32F0xx_HAL_Driver/Src/stm32f0xx_hal_rcc.o
 .debug_ranges  0x0000000000000258      0x1c8 Drivers/STM32F0xx_HAL_Driver/Src/stm32f0xx_hal_spi.o
 .debug_ranges  0x0000000000000420      0x200 Drivers/STM32F0xx_HAL_Driver/Src/stm32f0xx_hal_uart.o
 .debug_ranges  0x0000000000000620      0x1d8 Drivers/nRF24/Src/MY_NRF24.o
 .debug_ranges  0x00000000000007f8       0x38 Src/main.o
 .debug_ranges  0x0000000000000830       0x30 Src/stm32f0xx_hal_msp.o
 .debug_ranges  0x0000000000000860       0x30 Src/stm32f0xx_it.o
 .debug_ranges  0x0000000000000890       0xa0 Src/syscalls.o
 .debug_ranges  0x0000000000000930       0x18 Src/system_stm32f0xx.o
 .debug_ranges  0x0000000000000948       0x20 startup/startup_stm32f042x6.o

.debug_macro    0x0000000000000000    0x15da1
 .debug_macro   0x0000000000000000      0x1dd Drivers/STM32F0xx_HAL_Driver/Src/stm32f0xx_hal.o
 .debug_macro   0x00000000000001dd      0xa42 Drivers/STM32F0xx_HAL_Driver/Src/stm32f0xx_hal.o
 .debug_macro   0x0000000000000c1f      0x133 Drivers/STM32F0xx_HAL_Driver/Src/stm32f0xx_hal.o
 .debug_macro   0x0000000000000d52       0x2e Drivers/STM32F0xx_HAL_Driver/Src/stm32f0xx_hal.o
 .debug_macro   0x0000000000000d80       0x22 Drivers/STM32F0xx_HAL_Driver/Src/stm32f0xx_hal.o
 .debug_macro   0x0000000000000da2       0x22 Drivers/STM32F0xx_HAL_Driver/Src/stm32f0xx_hal.o
 .debug_macro   0x0000000000000dc4       0x8e Drivers/STM32F0xx_HAL_Driver/Src/stm32f0xx_hal.o
 .debug_macro   0x0000000000000e52       0x51 Drivers/STM32F0xx_HAL_Driver/Src/stm32f0xx_hal.o
 .debug_macro   0x0000000000000ea3       0xef Drivers/STM32F0xx_HAL_Driver/Src/stm32f0xx_hal.o
 .debug_macro   0x0000000000000f92       0x6a Drivers/STM32F0xx_HAL_Driver/Src/stm32f0xx_hal.o
 .debug_macro   0x0000000000000ffc      0x1df Drivers/STM32F0xx_HAL_Driver/Src/stm32f0xx_hal.o
 .debug_macro   0x00000000000011db       0x1c Drivers/STM32F0xx_HAL_Driver/Src/stm32f0xx_hal.o
 .debug_macro   0x00000000000011f7       0x22 Drivers/STM32F0xx_HAL_Driver/Src/stm32f0xx_hal.o
 .debug_macro   0x0000000000001219       0xb5 Drivers/STM32F0xx_HAL_Driver/Src/stm32f0xx_hal.o
 .debug_macro   0x00000000000012ce      0x391 Drivers/STM32F0xx_HAL_Driver/Src/stm32f0xx_hal.o
 .debug_macro   0x000000000000165f     0xf1e6 Drivers/STM32F0xx_HAL_Driver/Src/stm32f0xx_hal.o
 .debug_macro   0x0000000000010845       0x3c Drivers/STM32F0xx_HAL_Driver/Src/stm32f0xx_hal.o
 .debug_macro   0x0000000000010881      0x174 Drivers/STM32F0xx_HAL_Driver/Src/stm32f0xx_hal.o
 .debug_macro   0x00000000000109f5       0x53 Drivers/STM32F0xx_HAL_Driver/Src/stm32f0xx_hal.o
 .debug_macro   0x0000000000010a48      0x946 Drivers/STM32F0xx_HAL_Driver/Src/stm32f0xx_hal.o
 .debug_macro   0x000000000001138e      0x46b Drivers/STM32F0xx_HAL_Driver/Src/stm32f0xx_hal.o
 .debug_macro   0x00000000000117f9      0x12f Drivers/STM32F0xx_HAL_Driver/Src/stm32f0xx_hal.o
 .debug_macro   0x0000000000011928      0x130 Drivers/STM32F0xx_HAL_Driver/Src/stm32f0xx_hal.o
 .debug_macro   0x0000000000011a58      0x199 Drivers/STM32F0xx_HAL_Driver/Src/stm32f0xx_hal.o
 .debug_macro   0x0000000000011bf1      0x1ed Drivers/STM32F0xx_HAL_Driver/Src/stm32f0xx_hal.o
 .debug_macro   0x0000000000011dde       0x34 Drivers/STM32F0xx_HAL_Driver/Src/stm32f0xx_hal.o
 .debug_macro   0x0000000000011e12       0x43 Drivers/STM32F0xx_HAL_Driver/Src/stm32f0xx_hal.o
 .debug_macro   0x0000000000011e55       0x28 Drivers/STM32F0xx_HAL_Driver/Src/stm32f0xx_hal.o
 .debug_macro   0x0000000000011e7d       0xb0 Drivers/STM32F0xx_HAL_Driver/Src/stm32f0xx_hal.o
 .debug_macro   0x0000000000011f2d      0x182 Drivers/STM32F0xx_HAL_Driver/Src/stm32f0xx_hal.o
 .debug_macro   0x00000000000120af      0x22c Drivers/STM32F0xx_HAL_Driver/Src/stm32f0xx_hal.o
 .debug_macro   0x00000000000122db       0x5f Drivers/STM32F0xx_HAL_Driver/Src/stm32f0xx_hal.o
 .debug_macro   0x000000000001233a       0xa5 Drivers/STM32F0xx_HAL_Driver/Src/stm32f0xx_hal.o
 .debug_macro   0x00000000000123df       0x4c Drivers/STM32F0xx_HAL_Driver/Src/stm32f0xx_hal.o
 .debug_macro   0x000000000001242b      0x15b Drivers/STM32F0xx_HAL_Driver/Src/stm32f0xx_hal.o
 .debug_macro   0x0000000000012586      0x305 Drivers/STM32F0xx_HAL_Driver/Src/stm32f0xx_hal.o
 .debug_macro   0x000000000001288b      0x589 Drivers/STM32F0xx_HAL_Driver/Src/stm32f0xx_hal.o
 .debug_macro   0x0000000000012e14       0x44 Drivers/STM32F0xx_HAL_Driver/Src/stm32f0xx_hal.o
 .debug_macro   0x0000000000012e58      0x12e Drivers/STM32F0xx_HAL_Driver/Src/stm32f0xx_hal.o
 .debug_macro   0x0000000000012f86      0x1b9 Drivers/STM32F0xx_HAL_Driver/Src/stm32f0xx_hal_cortex.o
 .debug_macro   0x000000000001313f      0x1f1 Drivers/STM32F0xx_HAL_Driver/Src/stm32f0xx_hal_gpio.o
 .debug_macro   0x0000000000013330      0x1cb Drivers/STM32F0xx_HAL_Driver/Src/stm32f0xx_hal_rcc.o
 .debug_macro   0x00000000000134fb      0x1c1 Drivers/STM32F0xx_HAL_Driver/Src/stm32f0xx_hal_spi.o
 .debug_macro   0x00000000000136bc      0x1d6 Drivers/STM32F0xx_HAL_Driver/Src/stm32f0xx_hal_uart.o
 .debug_macro   0x0000000000013892      0x2cb Drivers/nRF24/Src/MY_NRF24.o
 .debug_macro   0x0000000000013b5d      0x226 Drivers/nRF24/Src/MY_NRF24.o
 .debug_macro   0x0000000000013d83       0x18 Drivers/nRF24/Src/MY_NRF24.o
 .debug_macro   0x0000000000013d9b       0x5e Drivers/nRF24/Src/MY_NRF24.o
 .debug_macro   0x0000000000013df9       0x35 Drivers/nRF24/Src/MY_NRF24.o
 .debug_macro   0x0000000000013e2e       0x34 Drivers/nRF24/Src/MY_NRF24.o
 .debug_macro   0x0000000000013e62       0x16 Drivers/nRF24/Src/MY_NRF24.o
 .debug_macro   0x0000000000013e78       0x35 Drivers/nRF24/Src/MY_NRF24.o
 .debug_macro   0x0000000000013ead       0x58 Drivers/nRF24/Src/MY_NRF24.o
 .debug_macro   0x0000000000013f05       0x1f Drivers/nRF24/Src/MY_NRF24.o
 .debug_macro   0x0000000000013f24       0x43 Drivers/nRF24/Src/MY_NRF24.o
 .debug_macro   0x0000000000013f67       0x20 Drivers/nRF24/Src/MY_NRF24.o
 .debug_macro   0x0000000000013f87      0x18e Drivers/nRF24/Src/MY_NRF24.o
 .debug_macro   0x0000000000014115      0x32a Drivers/nRF24/Src/MY_NRF24.o
 .debug_macro   0x000000000001443f       0x16 Drivers/nRF24/Src/MY_NRF24.o
 .debug_macro   0x0000000000014455       0x29 Drivers/nRF24/Src/MY_NRF24.o
 .debug_macro   0x000000000001447e       0x22 Drivers/nRF24/Src/MY_NRF24.o
 .debug_macro   0x00000000000144a0       0x16 Drivers/nRF24/Src/MY_NRF24.o
 .debug_macro   0x00000000000144b6      0x2c8 Src/main.o
 .debug_macro   0x000000000001477e       0x1c Src/main.o
 .debug_macro   0x000000000001479a      0x1c8 Src/stm32f0xx_hal_msp.o
 .debug_macro   0x0000000000014962      0x1d2 Src/stm32f0xx_it.o
 .debug_macro   0x0000000000014b34      0x243 Src/syscalls.o
 .debug_macro   0x0000000000014d77       0x58 Src/syscalls.o
 .debug_macro   0x0000000000014dcf       0x94 Src/syscalls.o
 .debug_macro   0x0000000000014e63       0x57 Src/syscalls.o
 .debug_macro   0x0000000000014eba      0x330 Src/syscalls.o
 .debug_macro   0x00000000000151ea       0x10 Src/syscalls.o
 .debug_macro   0x00000000000151fa       0x10 Src/syscalls.o
 .debug_macro   0x000000000001520a       0x10 Src/syscalls.o
 .debug_macro   0x000000000001521a       0x10 Src/syscalls.o
 .debug_macro   0x000000000001522a       0x1c Src/syscalls.o
 .debug_macro   0x0000000000015246       0x52 Src/syscalls.o
 .debug_macro   0x0000000000015298       0x40 Src/syscalls.o
 .debug_macro   0x00000000000152d8       0x10 Src/syscalls.o
 .debug_macro   0x00000000000152e8       0x40 Src/syscalls.o
 .debug_macro   0x0000000000015328       0xd7 Src/syscalls.o
 .debug_macro   0x00000000000153ff       0x1c Src/syscalls.o
 .debug_macro   0x000000000001541b       0x3d Src/syscalls.o
 .debug_macro   0x0000000000015458       0x35 Src/syscalls.o
 .debug_macro   0x000000000001548d      0x122 Src/syscalls.o
 .debug_macro   0x00000000000155af       0x10 Src/syscalls.o
 .debug_macro   0x00000000000155bf      0x241 Src/syscalls.o
 .debug_macro   0x0000000000015800       0x1c Src/syscalls.o
 .debug_macro   0x000000000001581c       0x10 Src/syscalls.o
 .debug_macro   0x000000000001582c       0x10 Src/syscalls.o
 .debug_macro   0x000000000001583c       0x16 Src/syscalls.o
 .debug_macro   0x0000000000015852      0x16f Src/syscalls.o
 .debug_macro   0x00000000000159c1      0x189 Src/syscalls.o
 .debug_macro   0x0000000000015b4a       0x16 Src/syscalls.o
 .debug_macro   0x0000000000015b60       0x88 Src/syscalls.o
 .debug_macro   0x0000000000015be8      0x1b9 Src/system_stm32f0xx.o

.debug_line     0x0000000000000000     0x7664
 .debug_line    0x0000000000000000      0x847 Drivers/STM32F0xx_HAL_Driver/Src/stm32f0xx_hal.o
 .debug_line    0x0000000000000847      0x820 Drivers/STM32F0xx_HAL_Driver/Src/stm32f0xx_hal_cortex.o
 .debug_line    0x0000000000001067      0x7da Drivers/STM32F0xx_HAL_Driver/Src/stm32f0xx_hal_gpio.o
 .debug_line    0x0000000000001841      0x972 Drivers/STM32F0xx_HAL_Driver/Src/stm32f0xx_hal_rcc.o
 .debug_line    0x00000000000021b3     0x11db Drivers/STM32F0xx_HAL_Driver/Src/stm32f0xx_hal_spi.o
 .debug_line    0x000000000000338e     0x1217 Drivers/STM32F0xx_HAL_Driver/Src/stm32f0xx_hal_uart.o
 .debug_line    0x00000000000045a5      0xd43 Drivers/nRF24/Src/MY_NRF24.o
 .debug_line    0x00000000000052e8      0x84f Src/main.o
 .debug_line    0x0000000000005b37      0x70b Src/stm32f0xx_hal_msp.o
 .debug_line    0x0000000000006242      0x6dd Src/stm32f0xx_it.o
 .debug_line    0x000000000000691f      0x602 Src/syscalls.o
 .debug_line    0x0000000000006f21      0x6af Src/system_stm32f0xx.o
 .debug_line    0x00000000000075d0       0x94 startup/startup_stm32f042x6.o

.debug_str      0x0000000000000000    0x74995
 .debug_str     0x0000000000000000    0x6d00d Drivers/STM32F0xx_HAL_Driver/Src/stm32f0xx_hal.o
                                      0x6d283 (size before relaxing)
 .debug_str     0x000000000006d00d      0x1f8 Drivers/STM32F0xx_HAL_Driver/Src/stm32f0xx_hal_cortex.o
                                      0x6d10f (size before relaxing)
 .debug_str     0x000000000006d205      0x294 Drivers/STM32F0xx_HAL_Driver/Src/stm32f0xx_hal_gpio.o
                                      0x6cfcd (size before relaxing)
 .debug_str     0x000000000006d499      0x372 Drivers/STM32F0xx_HAL_Driver/Src/stm32f0xx_hal_rcc.o
                                      0x6d16d (size before relaxing)
 .debug_str     0x000000000006d80b      0x93d Drivers/STM32F0xx_HAL_Driver/Src/stm32f0xx_hal_spi.o
                                      0x6d6a6 (size before relaxing)
 .debug_str     0x000000000006e148      0x980 Drivers/STM32F0xx_HAL_Driver/Src/stm32f0xx_hal_uart.o
                                      0x6d9da (size before relaxing)
 .debug_str     0x000000000006eac8     0x390b Drivers/nRF24/Src/MY_NRF24.o
                                      0x70c8f (size before relaxing)
 .debug_str     0x00000000000723d3      0x106 Src/main.o
                                      0x708b2 (size before relaxing)
 .debug_str     0x00000000000724d9       0x1b Src/stm32f0xx_hal_msp.o
                                      0x6d3c5 (size before relaxing)
 .debug_str     0x00000000000724f4       0x71 Src/stm32f0xx_it.o
                                      0x6cd5e (size before relaxing)
 .debug_str     0x0000000000072565     0x23a7 Src/syscalls.o
                                       0x84ee (size before relaxing)
 .debug_str     0x000000000007490c       0x5a Src/system_stm32f0xx.o
                                      0x6cd2c (size before relaxing)
 .debug_str     0x0000000000074966       0x2f startup/startup_stm32f042x6.o
                                         0x5c (size before relaxing)

.comment        0x0000000000000000       0x7f
 .comment       0x0000000000000000       0x7f Drivers/STM32F0xx_HAL_Driver/Src/stm32f0xx_hal.o
                                         0x80 (size before relaxing)
 .comment       0x000000000000007f       0x80 Drivers/STM32F0xx_HAL_Driver/Src/stm32f0xx_hal_cortex.o
 .comment       0x000000000000007f       0x80 Drivers/STM32F0xx_HAL_Driver/Src/stm32f0xx_hal_gpio.o
 .comment       0x000000000000007f       0x80 Drivers/STM32F0xx_HAL_Driver/Src/stm32f0xx_hal_rcc.o
 .comment       0x000000000000007f       0x80 Drivers/STM32F0xx_HAL_Driver/Src/stm32f0xx_hal_spi.o
 .comment       0x000000000000007f       0x80 Drivers/STM32F0xx_HAL_Driver/Src/stm32f0xx_hal_uart.o
 .comment       0x000000000000007f       0x80 Drivers/nRF24/Src/MY_NRF24.o
 .comment       0x000000000000007f       0x80 Src/main.o
 .comment       0x000000000000007f       0x80 Src/stm32f0xx_hal_msp.o
 .comment       0x000000000000007f       0x80 Src/stm32f0xx_it.o
 .comment       0x000000000000007f       0x80 Src/syscalls.o
 .comment       0x000000000000007f       0x80 Src/system_stm32f0xx.o

.debug_frame    0x0000000000000000     0x1c0c
 .debug_frame   0x0000000000000000      0x1ac Drivers/STM32F0xx_HAL_Driver/Src/stm32f0xx_hal.o
 .debug_frame   0x00000000000001ac       0xe4 Drivers/STM32F0xx_HAL_Driver/Src/stm32f0xx_hal_cortex.o
 .debug_frame   0x0000000000000290       0xc8 Drivers/STM32F0xx_HAL_Driver/Src/stm32f0xx_hal_gpio.o
 .debug_frame   0x0000000000000358      0x13c Drivers/STM32F0xx_HAL_Driver/Src/stm32f0xx_hal_rcc.o
 .debug_frame   0x0000000000000494      0x57c Drivers/STM32F0xx_HAL_Driver/Src/stm32f0xx_hal_spi.o
 .debug_frame   0x0000000000000a10      0x5a0 Drivers/STM32F0xx_HAL_Driver/Src/stm32f0xx_hal_uart.o
 .debug_frame   0x0000000000000fb0      0x594 Drivers/nRF24/Src/MY_NRF24.o
 .debug_frame   0x0000000000001544       0xa8 Src/main.o
 .debug_frame   0x00000000000015ec       0x8c Src/stm32f0xx_hal_msp.o
 .debug_frame   0x0000000000001678       0x68 Src/stm32f0xx_it.o
 .debug_frame   0x00000000000016e0      0x19c Src/syscalls.o
 .debug_frame   0x000000000000187c       0x38 Src/system_stm32f0xx.o
 .debug_frame   0x00000000000018b4       0x20 /home/bugi/Ac6/SystemWorkbench/plugins/fr.ac6.mcu.externaltools.arm-none.linux64_1.17.0.201812190825/tools/compiler/bin/../lib/gcc/arm-none-eabi/7.3.1/thumb/v6-m/libgcc.a(_udivsi3.o)
 .debug_frame   0x00000000000018d4       0x20 /home/bugi/Ac6/SystemWorkbench/plugins/fr.ac6.mcu.externaltools.arm-none.linux64_1.17.0.201812190825/tools/compiler/bin/../lib/gcc/arm-none-eabi/7.3.1/../../../../arm-none-eabi/lib/thumb/v6-m/libc_nano.a(lib_a-errno.o)
 .debug_frame   0x00000000000018f4       0x2c /home/bugi/Ac6/SystemWorkbench/plugins/fr.ac6.mcu.externaltools.arm-none.linux64_1.17.0.201812190825/tools/compiler/bin/../lib/gcc/arm-none-eabi/7.3.1/../../../../arm-none-eabi/lib/thumb/v6-m/libc_nano.a(lib_a-init.o)
 .debug_frame   0x0000000000001920       0x28 /home/bugi/Ac6/SystemWorkbench/plugins/fr.ac6.mcu.externaltools.arm-none.linux64_1.17.0.201812190825/tools/compiler/bin/../lib/gcc/arm-none-eabi/7.3.1/../../../../arm-none-eabi/lib/thumb/v6-m/libc_nano.a(lib_a-memcpy-stub.o)
 .debug_frame   0x0000000000001948       0x20 /home/bugi/Ac6/SystemWorkbench/plugins/fr.ac6.mcu.externaltools.arm-none.linux64_1.17.0.201812190825/tools/compiler/bin/../lib/gcc/arm-none-eabi/7.3.1/../../../../arm-none-eabi/lib/thumb/v6-m/libc_nano.a(lib_a-memset.o)
 .debug_frame   0x0000000000001968       0x48 /home/bugi/Ac6/SystemWorkbench/plugins/fr.ac6.mcu.externaltools.arm-none.linux64_1.17.0.201812190825/tools/compiler/bin/../lib/gcc/arm-none-eabi/7.3.1/../../../../arm-none-eabi/lib/thumb/v6-m/libc_nano.a(lib_a-sprintf.o)
 .debug_frame   0x00000000000019b0       0x74 /home/bugi/Ac6/SystemWorkbench/plugins/fr.ac6.mcu.externaltools.arm-none.linux64_1.17.0.201812190825/tools/compiler/bin/../lib/gcc/arm-none-eabi/7.3.1/../../../../arm-none-eabi/lib/thumb/v6-m/libc_nano.a(lib_a-nano-svfprintf.o)
 .debug_frame   0x0000000000001a24       0x54 /home/bugi/Ac6/SystemWorkbench/plugins/fr.ac6.mcu.externaltools.arm-none.linux64_1.17.0.201812190825/tools/compiler/bin/../lib/gcc/arm-none-eabi/7.3.1/../../../../arm-none-eabi/lib/thumb/v6-m/libc_nano.a(lib_a-nano-vfprintf_i.o)
 .debug_frame   0x0000000000001a78       0x20 /home/bugi/Ac6/SystemWorkbench/plugins/fr.ac6.mcu.externaltools.arm-none.linux64_1.17.0.201812190825/tools/compiler/bin/../lib/gcc/arm-none-eabi/7.3.1/../../../../arm-none-eabi/lib/thumb/v6-m/libc_nano.a(lib_a-memchr-stub.o)
 .debug_frame   0x0000000000001a98       0x28 /home/bugi/Ac6/SystemWorkbench/plugins/fr.ac6.mcu.externaltools.arm-none.linux64_1.17.0.201812190825/tools/compiler/bin/../lib/gcc/arm-none-eabi/7.3.1/../../../../arm-none-eabi/lib/thumb/v6-m/libc_nano.a(lib_a-memmove.o)
 .debug_frame   0x0000000000001ac0       0x2c /home/bugi/Ac6/SystemWorkbench/plugins/fr.ac6.mcu.externaltools.arm-none.linux64_1.17.0.201812190825/tools/compiler/bin/../lib/gcc/arm-none-eabi/7.3.1/../../../../arm-none-eabi/lib/thumb/v6-m/libc_nano.a(lib_a-nano-freer.o)
 .debug_frame   0x0000000000001aec       0x2c /home/bugi/Ac6/SystemWorkbench/plugins/fr.ac6.mcu.externaltools.arm-none.linux64_1.17.0.201812190825/tools/compiler/bin/../lib/gcc/arm-none-eabi/7.3.1/../../../../arm-none-eabi/lib/thumb/v6-m/libc_nano.a(lib_a-nano-mallocr.o)
 .debug_frame   0x0000000000001b18       0x30 /home/bugi/Ac6/SystemWorkbench/plugins/fr.ac6.mcu.externaltools.arm-none.linux64_1.17.0.201812190825/tools/compiler/bin/../lib/gcc/arm-none-eabi/7.3.1/../../../../arm-none-eabi/lib/thumb/v6-m/libc_nano.a(lib_a-nano-reallocr.o)
 .debug_frame   0x0000000000001b48       0x2c /home/bugi/Ac6/SystemWorkbench/plugins/fr.ac6.mcu.externaltools.arm-none.linux64_1.17.0.201812190825/tools/compiler/bin/../lib/gcc/arm-none-eabi/7.3.1/../../../../arm-none-eabi/lib/thumb/v6-m/libc_nano.a(lib_a-sbrkr.o)
 .debug_frame   0x0000000000001b74       0x30 /home/bugi/Ac6/SystemWorkbench/plugins/fr.ac6.mcu.externaltools.arm-none.linux64_1.17.0.201812190825/tools/compiler/bin/../lib/gcc/arm-none-eabi/7.3.1/../../../../arm-none-eabi/lib/thumb/v6-m/libc_nano.a(lib_a-mlock.o)
 .debug_frame   0x0000000000001ba4       0x20 /home/bugi/Ac6/SystemWorkbench/plugins/fr.ac6.mcu.externaltools.arm-none.linux64_1.17.0.201812190825/tools/compiler/bin/../lib/gcc/arm-none-eabi/7.3.1/../../../../arm-none-eabi/lib/thumb/v6-m/libc_nano.a(lib_a-nano-msizer.o)
 .debug_frame   0x0000000000001bc4       0x48 /home/bugi/Ac6/SystemWorkbench/plugins/fr.ac6.mcu.externaltools.arm-none.linux64_1.17.0.201812190825/tools/compiler/bin/../lib/gcc/arm-none-eabi/7.3.1/../../../../arm-none-eabi/lib/thumb/v6-m/libc_nano.a(lib_a-reent.o)
